
你能帮忙把李白写的床前明月光的普通话的含义告诉我吗 ('帮忙把李白写的床前明月', 0.28, 0.5714285714285714, [('帮忙', '1sys_句首修饰词'), ('李白', '1古诗_作者'), ('的', '0的'), ('明月', '1古诗_标题')])
你这里面有木有李白创作的床前明月光的现代文的释义 ('床前明月光', 0.20833333333333334, 0.0, [('床前明月光', '2rule_2')])
给我查询下有木有李白创作的床前明月光的普通话含义 ('给我查询下有木有李白创作的床前明月', 0.3333333333333333, 1.125, [('给我', '1sys_句首修饰词'), ('下', '1sys_量词'), ('李白', '1古诗_作者'), ('的', '0的'), ('明月', '1古诗_标题')])
